lun 03 mar 2025 21:57:52 CST: Contenedor MdofZEHbAv de tipo ram creado.
lun 03 mar 2025 21:57:53 CST: Contenedor UQb5bFCp5L de tipo io creado.
lun 03 mar 2025 21:57:53 CST: Contenedor 3W7gHboUAh de tipo cpu creado.
lun 03 mar 2025 21:57:54 CST: Contenedor meUT5I1Z5t de tipo io creado.
lun 03 mar 2025 21:57:54 CST: Contenedor ja78Bk4pdo de tipo disk creado.
lun 03 mar 2025 21:57:55 CST: Contenedor igJbFtgEyR de tipo cpu creado.
lun 03 mar 2025 21:57:55 CST: Contenedor q9SbKqYWjS de tipo ram creado.
lun 03 mar 2025 21:57:56 CST: Contenedor xDKCdP9V5H de tipo disk creado.
lun 03 mar 2025 21:57:56 CST: Contenedor JJo08G8sye de tipo disk creado.
lun 03 mar 2025 21:57:57 CST: Contenedor I7TP0u331i de tipo ram creado.
lun 03 mar 2025 21:58:55 CST: Contenedor ZrgfKxYODE de tipo io creado.
lun 03 mar 2025 21:58:56 CST: Contenedor 7rF7SYnsaK de tipo io creado.
lun 03 mar 2025 21:58:56 CST: Contenedor dLvUzSOhzZ de tipo cpu creado.
lun 03 mar 2025 21:58:57 CST: Contenedor c8MijGJO4U de tipo ram creado.
lun 03 mar 2025 21:58:57 CST: Contenedor QprAxAqtge de tipo disk creado.
lun 03 mar 2025 21:58:58 CST: Contenedor RvELjQgv2r de tipo ram creado.
lun 03 mar 2025 21:58:58 CST: Contenedor JYuYgobMUq de tipo cpu creado.
lun 03 mar 2025 21:58:59 CST: Contenedor QyK365QIIN de tipo ram creado.
lun 03 mar 2025 21:58:59 CST: Contenedor T6VUKiDtm7 de tipo disk creado.
lun 03 mar 2025 21:59:00 CST: Contenedor mAwxB7gKm0 de tipo io creado.
lun 03 mar 2025 22:12:16 CST: Contenedor hXFtYAZIRW de tipo ram creado.
lun 03 mar 2025 22:12:16 CST: Contenedor 9YxiVSRRFs de tipo cpu creado.
lun 03 mar 2025 22:12:17 CST: Contenedor CizuFZRJGu de tipo io creado.
lun 03 mar 2025 22:12:18 CST: Contenedor DdBRNN5qYX de tipo disk creado.
lun 03 mar 2025 22:12:19 CST: Contenedor wzojgi7MU0 de tipo io creado.
lun 03 mar 2025 22:12:20 CST: Contenedor LOvK5PUxMp de tipo io creado.
lun 03 mar 2025 22:12:22 CST: Contenedor Qz6c3jf1PX de tipo ram creado.
lun 03 mar 2025 22:12:23 CST: Contenedor FP6qiYKePV de tipo ram creado.
lun 03 mar 2025 22:12:26 CST: Contenedor OyM6BFMAzC de tipo ram creado.
lun 03 mar 2025 22:12:29 CST: Contenedor mzN98iMsjt de tipo io creado.
