Thu Mar 13 03:14:28 PM CST 2025: Contenedor M1eTIYGGBe de tipo io creado.
Thu Mar 13 03:14:29 PM CST 2025: Contenedor CLRObi6qUA de tipo disk creado.
Thu Mar 13 03:14:31 PM CST 2025: Contenedor z0rudBNx2T de tipo cpu creado.
Thu Mar 13 03:14:33 PM CST 2025: Contenedor TSsSXra9yC de tipo ram creado.
Thu Mar 13 03:14:36 PM CST 2025: Contenedor nNiipNkJeh de tipo io creado.
Thu Mar 13 03:14:39 PM CST 2025: Contenedor ilSxUzX9tu de tipo disk creado.
Thu Mar 13 03:14:42 PM CST 2025: Contenedor PSh3z6o7oI de tipo io creado.
Thu Mar 13 03:14:46 PM CST 2025: Contenedor 2qFYVcFxy0 de tipo io creado.
Thu Mar 13 03:14:51 PM CST 2025: Contenedor QmlMd3HHAE de tipo cpu creado.
Thu Mar 13 03:14:56 PM CST 2025: Contenedor 9fwlOhW5Uc de tipo disk creado.
Thu Mar 13 03:22:39 PM CST 2025: Contenedor qaMrsn9fA0 de tipo io creado.
Thu Mar 13 03:22:41 PM CST 2025: Contenedor AScAJlukLT de tipo io creado.
Thu Mar 13 03:22:43 PM CST 2025: Contenedor f1MO4nyZui de tipo ram creado.
Thu Mar 13 03:22:44 PM CST 2025: Contenedor wn73CBfr7l de tipo disk creado.
Thu Mar 13 03:22:45 PM CST 2025: Contenedor EyvEkuK39K de tipo cpu creado.
Thu Mar 13 03:22:47 PM CST 2025: Contenedor P2X9gAcF2n de tipo disk creado.
Thu Mar 13 03:22:51 PM CST 2025: Contenedor wlZ1CgDmWs de tipo cpu creado.
Thu Mar 13 03:22:55 PM CST 2025: Contenedor V6lB63T0tG de tipo cpu creado.
Thu Mar 13 03:23:00 PM CST 2025: Contenedor GfZwhIxfgd de tipo cpu creado.
Thu Mar 13 03:23:03 PM CST 2025: Contenedor s9pFxuivJI de tipo io creado.
Thu Mar 13 03:26:02 PM CST 2025: Contenedor hhAONCA0XO de tipo disk creado.
Thu Mar 13 03:26:04 PM CST 2025: Contenedor yQNRhcPYKE de tipo ram creado.
Thu Mar 13 03:26:05 PM CST 2025: Contenedor huNST4zkfe de tipo ram creado.
Thu Mar 13 03:26:06 PM CST 2025: Contenedor RMsvbVqSZO de tipo ram creado.
Thu Mar 13 03:26:07 PM CST 2025: Contenedor byKXxbUub6 de tipo io creado.
Thu Mar 13 03:26:08 PM CST 2025: Contenedor CEkTH4Abmk de tipo cpu creado.
Thu Mar 13 03:26:09 PM CST 2025: Contenedor YKlx1MLUS2 de tipo io creado.
Thu Mar 13 03:26:12 PM CST 2025: Contenedor NB3S872J8b de tipo ram creado.
Thu Mar 13 03:26:14 PM CST 2025: Contenedor 6x6WOIsfG2 de tipo io creado.
Thu Mar 13 03:26:16 PM CST 2025: Contenedor MyZJs5ynPB de tipo cpu creado.
Thu Mar 13 03:44:52 PM CST 2025: Contenedor 3z4YOXVCMz de tipo disk creado.
Thu Mar 13 03:44:52 PM CST 2025: Contenedor iIqqdKgmSI de tipo ram creado.
Thu Mar 13 03:44:53 PM CST 2025: Contenedor o1mJyh5RcH de tipo cpu creado.
Thu Mar 13 03:44:55 PM CST 2025: Contenedor eP2QtZzCwN de tipo cpu creado.
Thu Mar 13 03:44:56 PM CST 2025: Contenedor 4T4zM7vAio de tipo ram creado.
Thu Mar 13 03:44:57 PM CST 2025: Contenedor FrSXC4ptEh de tipo cpu creado.
Thu Mar 13 03:44:57 PM CST 2025: Contenedor jGF7BfiG6z de tipo ram creado.
Thu Mar 13 03:44:58 PM CST 2025: Contenedor s6NjstIBR2 de tipo ram creado.
Thu Mar 13 03:44:59 PM CST 2025: Contenedor GOQzk2Vi8f de tipo cpu creado.
Thu Mar 13 03:45:00 PM CST 2025: Contenedor AZ6r4LiEnF de tipo disk creado.
Thu Mar 13 04:27:15 PM CST 2025: Contenedor 0C5pyd1vMK de tipo disk creado.
Thu Mar 13 04:27:16 PM CST 2025: Contenedor 8dpgZ7FfL3 de tipo ram creado.
Thu Mar 13 04:27:17 PM CST 2025: Contenedor 5Em2RkIdgN de tipo cpu creado.
Thu Mar 13 04:27:18 PM CST 2025: Contenedor ofkbiFx9jq de tipo cpu creado.
Thu Mar 13 04:27:20 PM CST 2025: Contenedor HxmWdsk2ra de tipo io creado.
Thu Mar 13 04:27:23 PM CST 2025: Contenedor tSmcDp52eH de tipo disk creado.
Thu Mar 13 04:27:31 PM CST 2025: Contenedor dK63NQALn6 de tipo disk creado.
Thu Mar 13 04:27:37 PM CST 2025: Contenedor E9OML6L9Pp de tipo cpu creado.
Thu Mar 13 04:27:45 PM CST 2025: Contenedor xobM690mIG de tipo cpu creado.
Thu Mar 13 04:27:50 PM CST 2025: Contenedor y8GvmXlUoT de tipo io creado.
Thu Mar 13 04:57:30 PM CST 2025: Contenedor 7Kk5hkbWlH de tipo cpu creado.
Thu Mar 13 04:57:31 PM CST 2025: Contenedor nZI2EKVXTp de tipo cpu creado.
Thu Mar 13 04:57:31 PM CST 2025: Contenedor akIYAoNaCm de tipo disk creado.
Thu Mar 13 04:57:32 PM CST 2025: Contenedor bQeODJ6S5y de tipo io creado.
Thu Mar 13 04:57:34 PM CST 2025: Contenedor LN2WhzGVA6 de tipo io creado.
Thu Mar 13 04:57:35 PM CST 2025: Contenedor xxuCZwqk32 de tipo ram creado.
Thu Mar 13 04:57:37 PM CST 2025: Contenedor yn8Xb9PtCN de tipo ram creado.
Thu Mar 13 04:57:39 PM CST 2025: Contenedor k0u9Wxtcv3 de tipo cpu creado.
Thu Mar 13 04:57:40 PM CST 2025: Contenedor DweWxTO0Tv de tipo ram creado.
Thu Mar 13 04:57:42 PM CST 2025: Contenedor lLctcdbHNs de tipo io creado.
